resource_requests[/api/foo] = 227
resource_requests[/] = 265
resource_requests[/agb.html] = 239
resource_requests[/robots.txt] = 272
resource_requests_by_agent[/agb.html, NCSA_Mosaic/2.0 (Windows 3.1)] = 96
resource_requests_by_agent[/, Apache-HttpClient/release] = 87
resource_requests_by_agent[/robots.txt, Apache-HttpClient/release] = 79
resource_requests_by_agent[/, Mozilla/5.0 (compatible; MSIE 10.0; Windows NT 6.1; Trident/6.0)] = 1
resource_requests_by_agent[/, NCSA_Mosaic/2.0 (Windows 3.1)] = 90
resource_requests_by_agent[/robots.txt, Mozilla/3.0 (X11; I; AIX 2)] = 94
resource_requests_by_agent[/, Mozilla/3.0 (X11; I; AIX 2)] = 86
resource_requests_by_agent[/agb.html, Mozilla/3.0 (X11; I; AIX 2)] = 63
resource_requests_by_agent[/robots.txt, Mozilla/5.0] = 1
resource_requests_by_agent[/api/foo, NCSA_Mosaic/2.0 (Windows 3.1)] = 75
resource_requests_by_agent[/, Mozilla/5.0] = 1
resource_requests_by_agent[/api/foo, Mozilla/3.0 (X11; I; AIX 2)] = 75
resource_requests_by_agent[/agb.html, Apache-HttpClient/release] = 80
resource_requests_by_agent[/robots.txt, NCSA_Mosaic/2.0 (Windows 3.1)] = 98
resource_requests_by_agent[/api/foo, Apache-HttpClient/release] = 77
resource_latencies[/api/foo] = 11
resource_latencies[/api/foo] = 1536
resource_latencies[/api/foo] = 2966
resource_latencies[/] = 17
resource_latencies[/] = 1500
resource_latencies[/] = 2988
resource_latencies[/agb.html] = 16
resource_latencies[/agb.html] = 1340
resource_latencies[/agb.html] = 2998
resource_latencies[/robots.txt] = 8
resource_latencies[/robots.txt] = 1463
resource_latencies[/robots.txt] = 2984
